generic_testf

User dropped.


Grant succeeded.


User altered.


Table created.


1 row created.


Table created.


1 row created.


1 row created.


1 row created.


1 row created.


1 row created.


1 row created.

drop table array_commnds
           *
ERROR at line 1:
ORA-00942: table or view does not exist 



Table created.

drop type type_array_commands
*
ERROR at line 1:
ORA-04043: object TYPE_ARRAY_COMMANDS does not exist 



Type created.

No errors.

Package created.

No errors.

Package created.

No errors.

Package body created.

No errors.
old: pagesize 14
new: pagesize 1000

Package created.

No errors.

Package body created.

No errors.
old: linesize 80
new: linesize 132

Table created.


Table altered.


1 row created.


1 row created.


Table created.


Table altered.


1 row created.


1 row created.


Table created.


Table altered.


1 row created.


1 row created.


Table created.


Table altered.


1 row created.


1 row created.


Table created.


Table altered.


1 row created.


1 row created.


Table created.


Table altered.


1 row created.


1 row created.


1 row created.


1 row created.


1 row created.


1 row created.


1 row created.


1 row created.


Package created.

No errors.

Package body created.

No errors.
drop table clob_test
           *
ERROR at line 1:
ORA-00942: table or view does not exist 


drop table blob_test
           *
ERROR at line 1:
ORA-00942: table or view does not exist 


drop table bfile_test
           *
ERROR at line 1:
ORA-00942: table or view does not exist 


drop sequence clob_seq
              *
ERROR at line 1:
ORA-02289: sequence does not exist 


drop sequence blob_seq
              *
ERROR at line 1:
ORA-02289: sequence does not exist 


drop sequence bfile_seq
              *
ERROR at line 1:
ORA-02289: sequence does not exist 



Sequence created.


Table created.


1 row created.


Sequence created.


Table created.


1 row created.


Sequence created.


Table created.


Package created.

No errors.

Package body created.

No errors.
